[andrara.com/index.html]
[backblue.gif]
[fade.gif]
[index.html]
[andrara.com/feed/index.html]
[andrara.com/comments/feed/index.html]
[andrara.com/wp-includes/js/jquery/jquery.minf43b.js]
[andrara.com/wp-includes/js/jquery/jquery-migrate.min5589.js]
[andrara.com/wp-json/index.html]
[andrara.com/wp-json/wp/v2/pages/13.json]
[andrara.com/xmlrpc0db0.php]
[andrara.com/wp-json/oembed/1.0/embed1ce5.json]
[andrara.com/wp-json/oembed/1.0/embed72af]
[andrara.com/wp-content/uploads/2025/08/cropped-descarga-14-32x32.png]
[andrara.com/wp-content/uploads/2025/08/cropped-descarga-14-192x192.png]
[andrara.com/wp-content/uploads/2025/08/cropped-descarga-14-180x180.png]
[andrara.com/wp-content/uploads/2025/08/logo-blanco-1-1024x1024.png]
[andrara.com/wp-content/uploads/2025/08/megafono.png]
[andrara.com/wp-content/uploads/2025/08/presupuesto-1.png]
[andrara.com/wp-content/uploads/2025/08/experiencia.png]
[andrara.com/wp-content/uploads/2025/08/contenido-1.png]
[andrara.com/wp-content/uploads/2025/08/639176-1024x633.jpg]
[andrara.com/wp-content/uploads/2025/08/41329-1024x758.jpg]
[andrara.com/wp-content/uploads/2025/08/logo-blanco-1.png]
[andrara.com/paginas-web/index.html]
[andrara.com/video-marketing/index.html]
[andrara.com/servicios/index.html]
[andrara.com/wp-content/plugins/elementor/assets/js/webpack.runtime.min242d.js]
[andrara.com/wp-content/plugins/elementor/assets/js/frontend-modules.min242d.js]
[andrara.com/wp-includes/js/jquery/ui/core.minb37e.js]
[andrara.com/wp-content/plugins/elementor/assets/js/frontend.min242d.js]
[andrara.com/marketing-digital/index.html]
[andrara.com/wp-content/plugins/royal-elementor-addons/assets/js/lib/particles/particles7c45.js]
[andrara.com/wp-content/plugins/royal-elementor-addons/assets/js/lib/jarallax/jarallax.minf184.js]
[andrara.com/wp-content/plugins/royal-elementor-addons/assets/js/lib/parallax/parallax.min5152.js]
[andrara.com/wp-content/plugins/elementor/assets/lib/swiper/v8/swiper.min94a4.js]
[andrara.com/wp-content/plugins/metform/public/assets/js/htm631d.js]
[andrara.com/el-equipo/index.html]
[andrara.com/wp-includes/js/dist/vendor/react.mine1ab.js]
[andrara.com/wp-includes/js/dist/vendor/react-dom.mine1ab.js]
[andrara.com/wp-includes/js/dist/escape-html.min3a9d.js]
[andrara.com/wp-includes/js/dist/element.minfa0f.js]
[andrara.com/blog/index.html]
[andrara.com/wp-content/plugins/metform/public/assets/js/app631d.js]
[andrara.com/wp-content/plugins/metform/public/assets/lib/cute-alert/cute-alert631d.js]
[andrara.com/wp-content/themes/hello-elementor/assets/js/hello-frontendedb1.js]
[andrara.com/wp-content/plugins/elementskit-lite/libs/framework/assets/js/frontend-scripta7a0.js]
[andrara.com/wp-content/plugins/elementskit-lite/widgets/init/assets/js/widget-scriptsa7a0.js]
[andrara.com/wp-content/plugins/elementskit-lite/widgets/init/assets/js/odometer.mina7a0.js]
[andrara.com/wp-content/plugins/jeg-elementor-kit/assets/js/elements/fun-fact32bb.js]
[andrara.com/contacto/index.html]
[andrara.com/wp-content/plugins/jeg-elementor-kit/assets/js/elements/sticky-element32bb.js]
[andrara.com/wp-content/plugins/elementor/assets/lib/font-awesome/js/v4-shims.min242d.js]
[andrara.com/wp-content/plugins/elementskit-lite/widgets/init/assets/js/animate-circle.mina7a0.js]
[andrara.com/politica-privacidad/index.html]
[andrara.com/wp-content/plugins/elementskit-lite/widgets/init/assets/js/elementora7a0.js]
[cdnjs.cloudflare.com/ajax/libs/dompurify/3.0.6/purify.min7c45.js]
[andrara.com/indexe2f2.html]
[andrara.com/wp-content/plugins/royal-elementor-addons/assets/js/frontend.min75d8.js]
[andrara.com/wp-content/plugins/royal-elementor-addons/assets/js/modal-popups.min75d8.js]
[andrara.com/index.html]
[andrara.com/wp-content/plugins/jeg-elementor-kit/assets/css/elements/main32bb.css]
[andrara.com/wp-content/uploads/elementor/css/custom-frontend.min36ab.css]
[andrara.com/wp-content/plugins/elementor/assets/css/widget-image.min242d.css]
[andrara.com/wp-content/uploads/2025/08/2148815685.jpg]
[andrara.com/wp-content/uploads/2025/08/stylish-futuristic-blonde-in-cyberpunk-style-on-a-2022-08-31-22-41-37-utc.jpg]
[andrara.com/wp-content/uploads/2025/08/unforgettable-beauty-2022-12-16-14-26-13-utc.jpg]
[andrara.com/wp-content/uploads/2025/08/guangzhou-city-2022-12-15-19-29-40-utc.jpg]
[andrara.com/wp-content/uploads/2025/08/the-concept-of-shooting-with-gadgets-action-a-lar-2022-12-21-14-26-17-utc.jpg]
[andrara.com/wp-content/uploads/2025/08/7676.jpg]
[andrara.com/wp-content/uploads/2025/08/18705-1.jpg]
[andrara.com/wp-content/uploads/2025/08/21549.jpg]
[andrara.com/wp-content/uploads/2025/08/film-production-crew-2022-11-01-02-07-54-utc.jpg]
[andrara.com/wp-content/uploads/2025/08/Diseno-y-desarrollo-web-en-Wordpress.jpg]
[andrara.com/wp-content/uploads/elementor/css/post-13d966.css]
[andrara.com/wp-content/uploads/elementor/css/post-33e9e7.css]
[andrara.com/wp-content/plugins/elementor/assets/css/widget-heading.min242d.css]
[andrara.com/wp-content/uploads/elementor/css/custom-widget-icon-list.min36ab.css]
[andrara.com/wp-content/plugins/elementor/assets/css/widget-divider.min242d.css]
[andrara.com/wp-content/uploads/elementor/css/post-399d966.css]
[andrara.com/wp-content/uploads/elementor/css/post-8d966.css]
[andrara.com/wp-content/plugins/elementor/assets/lib/animations/styles/fadeInRight.min242d.css]
[andrara.com/wp-content/plugins/elementor/assets/lib/animations/styles/fadeInUp.min242d.css]
[andrara.com/wp-content/uploads/elementor/css/custom-widget-image-box.min36ab.css]
[andrara.com/wp-content/plugins/elementor/assets/lib/swiper/v8/css/swiper.min94a4.css]
[andrara.com/wp-content/plugins/elementor/assets/css/conditionals/e-swiper.min242d.css]
[andrara.com/wp-content/plugins/elementor/assets/lib/animations/styles/fadeInLeft.min242d.css]
[andrara.com/wp-content/plugins/elementor/assets/css/widget-video.min242d.css]
[andrara.com/wp-content/plugins/metform/public/assets/css/metform-ui631d.css]
[andrara.com/wp-content/plugins/metform/public/assets/css/style631d.css]
[andrara.com/wp-content/plugins/metform/public/assets/lib/cute-alert/style631d.css]
[andrara.com/wp-content/plugins/metform/public/assets/css/text-editor631d.css]
[andrara.com/wp-content/themes/hello-elementor/assets/css/resetedb1.css]
[andrara.com/wp-content/themes/hello-elementor/assets/css/themeedb1.css]
[andrara.com/wp-content/themes/hello-elementor/assets/css/header-footeredb1.css]
[andrara.com/wp-content/plugins/elementskit-lite/widgets/init/assets/img/arrow.png]
[andrara.com/wp-content/plugins/elementskit-lite/widgets/init/assets/img/sort_asc.png]
[andrara.com/wp-content/plugins/elementskit-lite/widgets/init/assets/img/sort_desc.png]
[andrara.com/wp-content/plugins/elementskit-lite/widgets/init/assets/img/sort_asc_disabled.png]
[andrara.com/wp-content/plugins/elementskit-lite/widgets/init/assets/css/widget-stylesa7a0.css]
[andrara.com/wp-content/plugins/elementskit-lite/widgets/init/assets/css/responsivea7a0.css]
[andrara.com/wp-content/plugins/elementskit-lite/widgets/init/assets/css/odometer-theme-defaulta7a0.css]
[andrara.com/wp-content/plugins/royal-elementor-addons/assets/css/lib/animations/wpr-link-animations.min75d8.css]
[andrara.com/wp-content/plugins/royal-elementor-addons/assets/css/lib/animations/text-animations.min75d8.css]
[andrara.com/wp-content/plugins/royal-elementor-addons/assets/css/frontend.min75d8.css]
[andrara.com/wp-content/plugins/elementor/assets/lib/font-awesome/webfonts/fa-brands-400.eot]
[andrara.com/wp-content/plugins/elementor/assets/lib/font-awesome/webfonts/fa-brands-400d41d.eot]
[andrara.com/wp-content/plugins/elementor/assets/lib/font-awesome/webfonts/fa-brands-400.woff2]
[andrara.com/wp-content/plugins/elementor/assets/lib/font-awesome/webfonts/fa-brands-400.woff]
[andrara.com/wp-content/plugins/elementor/assets/lib/font-awesome/webfonts/fa-brands-400.ttf]
[andrara.com/wp-content/plugins/elementor/assets/lib/font-awesome/webfonts/fa-regular-400.eot]
[andrara.com/wp-content/plugins/elementor/assets/lib/font-awesome/webfonts/fa-regular-400d41d.eot]
[andrara.com/wp-content/plugins/elementor/assets/lib/font-awesome/webfonts/fa-regular-400.woff2]
[andrara.com/wp-content/plugins/elementor/assets/lib/font-awesome/webfonts/fa-regular-400.woff]
[andrara.com/wp-content/plugins/elementor/assets/lib/font-awesome/webfonts/fa-regular-400.ttf]
[andrara.com/wp-content/plugins/elementor/assets/lib/font-awesome/webfonts/fa-solid-900.eot]
[andrara.com/wp-content/plugins/elementor/assets/lib/font-awesome/webfonts/fa-solid-900d41d.eot]
[andrara.com/wp-content/plugins/elementor/assets/lib/font-awesome/webfonts/fa-solid-900.woff2]
[andrara.com/wp-content/plugins/elementor/assets/lib/font-awesome/webfonts/fa-solid-900.woff]
[andrara.com/wp-content/plugins/elementor/assets/lib/font-awesome/webfonts/fa-solid-900.ttf]
[andrara.com/wp-content/plugins/elementor/assets/lib/font-awesome/css/all.min75d8.css]
[andrara.com/wp-content/uploads/elementor/google-fonts/fonts/bigshouldersdisplay-f7ac7ae1.woff2]
[andrara.com/wp-content/uploads/elementor/google-fonts/fonts/bigshouldersdisplay-f4dd0112.woff2]
[andrara.com/wp-content/uploads/elementor/google-fonts/fonts/bigshouldersdisplay-74d9ba8b.woff2]
[andrara.com/wp-content/uploads/elementor/google-fonts/css/bigshouldersdisplay78ce.css]
[andrara.com/wp-content/uploads/elementor/google-fonts/fonts/worksans-2d4f0c97.woff2]
[andrara.com/wp-content/uploads/elementor/google-fonts/fonts/worksans-ab5072e7.woff2]
[andrara.com/wp-content/uploads/elementor/google-fonts/fonts/worksans-adba8a19.woff2]
[andrara.com/wp-content/uploads/elementor/google-fonts/fonts/worksans-502ab93b.woff2]
[andrara.com/wp-content/uploads/elementor/google-fonts/fonts/worksans-4eb3154c.woff2]
[andrara.com/wp-content/uploads/elementor/google-fonts/fonts/worksans-93b8f232.woff2]
[andrara.com/wp-content/uploads/elementor/google-fonts/css/worksans1c7e.css]
[andrara.com/wp-content/plugins/elementskit-lite/modules/elementskit-icon-pack/assets/fonts/elementskit97ac.woff]
[andrara.com/wp-content/plugins/elementskit-lite/modules/elementskit-icon-pack/assets/css/ekiticonsa7a0.css]
[andrara.com/wp-json/wp/v2/pages/49.json]
[andrara.com/wp-json/oembed/1.0/embed3f76.json]
[andrara.com/wp-json/oembed/1.0/embed32c6]
[andrara.com/paginas-web/index.html]
[andrara.com/wp-json/wp/v2/pages/50.json]
[andrara.com/wp-json/oembed/1.0/embeda90e.json]
[andrara.com/wp-json/oembed/1.0/embed5b5e]
[andrara.com/video-marketing/index.html]
[andrara.com/wp-json/wp/v2/pages/41.json]
[andrara.com/wp-json/oembed/1.0/embedca2e.json]
[andrara.com/wp-json/oembed/1.0/embed569c]
[andrara.com/servicios/index.html]
[andrara.com/wp-json/wp/v2/pages/722.json]
[andrara.com/wp-json/oembed/1.0/embed13fb.json]
[andrara.com/wp-json/oembed/1.0/embed5e02]
[andrara.com/marketing-digital/index.html]
[andrara.com/wp-json/wp/v2/pages/54.json]
[andrara.com/wp-json/oembed/1.0/embed28ab.json]
[andrara.com/wp-json/oembed/1.0/embed889e]
[andrara.com/el-equipo/index.html]
[andrara.com/wp-json/wp/v2/pages/55.json]
[andrara.com/wp-json/oembed/1.0/embed3b84.json]
[andrara.com/wp-json/oembed/1.0/embed27dd]
[andrara.com/blog/index.html]
[andrara.com/wp-json/wp/v2/pages/56.json]
[andrara.com/wp-json/oembed/1.0/embedd662.json]
[andrara.com/wp-json/oembed/1.0/embedd086]
[andrara.com/contacto/index.html]
[andrara.com/politica-privacidad/index.html]
[andrara.com/wp-content/plugins/jeg-elementor-kit/lib/jeg-framework/assets/css/jeg-dynamic-styles6f3e.css]
[andrara.com/wp-content/plugins/elementor/assets/lib/font-awesome/css/v4-shims.min242d.css]
[andrara.com/wp-content/uploads/elementor/css/post-1531c7e.css]
[andrara.com/indexe2f2.html]
[andrara.com/wp-content/plugins/jeg-elementor-kit/assets/img/letter-x.svg]
[andrara.com/wp-content/plugins/elementskit-lite/widgets/init/assets/img/cross-out.svg]
[andrara.com/wp-content/plugins/elementor/assets/lib/font-awesome/webfonts/fa-brands-400.svg]
[andrara.com/wp-content/plugins/elementor/assets/lib/font-awesome/webfonts/fa-regular-400.svg]
[andrara.com/wp-content/plugins/elementor/assets/lib/font-awesome/webfonts/fa-solid-900.svg]
[andrara.com/wp-content/uploads/2025/08/vista-frontal-mujer-joven-jugando-vr-pared-oscura.png]
[andrara.com/wp-content/uploads/2025/08/80130.jpg]
[andrara.com/wp-content/uploads/elementor/css/post-494b2a.css]
[andrara.com/wp-content/plugins/elementor/assets/lib/animations/styles/fadeIn.min242d.css]
[andrara.com/wp-content/plugins/jeg-elementor-kit/assets/fonts/jkiticon/jkiticon7107.eot]
[andrara.com/wp-content/plugins/jeg-elementor-kit/assets/fonts/jkiticon/jkiticon7107.woff2]
[andrara.com/wp-content/plugins/jeg-elementor-kit/assets/fonts/jkiticon/jkiticon7107.woff]
[andrara.com/wp-content/plugins/jeg-elementor-kit/assets/fonts/jkiticon/jkiticon7107.ttf]
[andrara.com/wp-content/plugins/jeg-elementor-kit/assets/fonts/jkiticon/jkiticon32bb.css]
[andrara.com/index0012.html]
[andrara.com/wp-content/uploads/2025/09/vista-frontal-mujer-joven-jugando-vr-guantes-mma-pared-oscura.png]
[andrara.com/wp-content/uploads/2025/09/2149066401-1.jpg]
[andrara.com/wp-content/uploads/elementor/css/post-504014.css]
[andrara.com/index6aed.html]
[andrara.com/indexcbb6.html]
[andrara.com/wp-content/uploads/2025/09/mujer-cabello-rojo-esta-leyendo-libro.png]
[andrara.com/wp-content/uploads/2025/09/2148397880.jpg]
[andrara.com/wp-content/uploads/elementor/css/post-722f0ab.css]
[andrara.com/indexc9c3.html]
[andrara.com/indexcc0f.html]
[andrara.com/index8054.html]
[andrara.com/index2dc8.html]
[andrara.com/wp-content/plugins/jeg-elementor-kit/assets/fonts/jkiticon/jkiticon7107.svg]
